[debug] [2026-04-08T20:59:39.269Z] ----------------------------------------------------------------------
[debug] [2026-04-08T20:59:39.287Z] Command:       C:\Program Files\nodejs\node.exe C:\Users\acer\AppData\Roaming\npm\node_modules\firebase-tools\lib\bin\firebase.js deploy --only hosting
[debug] [2026-04-08T20:59:39.288Z] CLI Version:   15.10.1
[debug] [2026-04-08T20:59:39.289Z] Platform:      win32
[debug] [2026-04-08T20:59:39.289Z] Node Version:  v20.20.1
[debug] [2026-04-08T20:59:39.289Z] Time:          Thu Apr 09 2026 02:29:39 GMT+0530 (India Standard Time)
[debug] [2026-04-08T20:59:39.290Z] ----------------------------------------------------------------------
[debug] 
[debug] [2026-04-08T20:59:46.822Z] > command requires scopes: ["email","openid","https://www.googleapis.com/auth/cloudplatformprojects.readonly","https://www.googleapis.com/auth/firebase","https://www.googleapis.com/auth/cloud-platform"]
[debug] [2026-04-08T20:59:46.824Z] > authorizing via signed-in user (ajrgroupconnect@gmail.com)
[debug] [2026-04-08T20:59:46.824Z] [iam] checking project kallmee for permissions ["firebase.projects.get","firebasehosting.sites.update"]
[debug] [2026-04-08T20:59:46.829Z] Checked if tokens are valid: true, expires at: 1775685112270
[debug] [2026-04-08T20:59:46.829Z] Checked if tokens are valid: true, expires at: 1775685112270
[debug] [2026-04-08T20:59:46.832Z] >>> [apiv2][query] POST https://cloudresourcemanager.googleapis.com/v1/projects/kallmee:testIamPermissions [none]
[debug] [2026-04-08T20:59:46.832Z] >>> [apiv2][(partial)header] POST https://cloudresourcemanager.googleapis.com/v1/projects/kallmee:testIamPermissions  x-goog-user-project=kallmee
[debug] [2026-04-08T20:59:46.833Z] >>> [apiv2][body] POST https://cloudresourcemanager.googleapis.com/v1/projects/kallmee:testIamPermissions {"permissions":["firebase.projects.get","firebasehosting.sites.update"]}
[debug] [2026-04-08T20:59:49.285Z] <<< [apiv2][status] POST https://cloudresourcemanager.googleapis.com/v1/projects/kallmee:testIamPermissions 200
[debug] [2026-04-08T20:59:49.285Z] <<< [apiv2][body] POST https://cloudresourcemanager.googleapis.com/v1/projects/kallmee:testIamPermissions {"permissions":["firebase.projects.get","firebasehosting.sites.update"]}
[debug] [2026-04-08T20:59:49.287Z] Checked if tokens are valid: true, expires at: 1775685112270
[debug] [2026-04-08T20:59:49.288Z] Checked if tokens are valid: true, expires at: 1775685112270
[debug] [2026-04-08T20:59:49.291Z] >>> [apiv2][query] GET https://firebase.googleapis.com/v1beta1/projects/kallmee [none]
[debug] [2026-04-08T20:59:50.527Z] <<< [apiv2][status] GET https://firebase.googleapis.com/v1beta1/projects/kallmee 200
[debug] [2026-04-08T20:59:50.527Z] <<< [apiv2][body] GET https://firebase.googleapis.com/v1beta1/projects/kallmee {"projectId":"kallmee","projectNumber":"116889419393","displayName":"kallme","name":"projects/kallmee","resources":{"hostingSite":"kallmee"},"state":"ACTIVE","etag":"1_8b9fcaed-8242-4c50-9a54-38ea18d06e17"}
[info] 
[info] === Deploying to 'kallmee'...
[info] 
[info] i  deploying hosting 
[info] Running command: npm run build
